// Jest Snapshot v1, https://goo.gl/fbAQLP

exports[`MaxMinWinIntervalForProducersCard component matches snapshot 1`] = `
<div
  className="sc-beyTiQ gWjloO"
>
  <h3>
    Producers with longest and shortest interval between wins 
  </h3>
  <p>
    Maximum 
  </p>
  <table
    className="sc-dmyDmy fSPGcv"
  >
    <thead>
      <tr>
        <th>
          <span>
            <span>
              Producer
            </span>
          </span>
        </th>
        <th>
          <span>
            <span>
              Interval
            </span>
          </span>
        </th>
        <th>
          <span>
            <span>
              Previous Year
            </span>
          </span>
        </th>
        <th>
          <span>
            <span>
              following Year
            </span>
          </span>
        </th>
      </tr>
    </thead>
    <tbody>
      <tr>
        <td>
          <span>
            Producer A
          </span>
        </td>
        <td>
          <span>
            3
          </span>
        </td>
        <td>
          <span>
            2010
          </span>
        </td>
        <td>
          <span>
            2013
          </span>
        </td>
      </tr>
      <tr>
        <td>
          <span>
            Producer B
          </span>
        </td>
        <td>
          <span>
            2
          </span>
        </td>
        <td>
          <span>
            2015
          </span>
        </td>
        <td>
          <span>
            2017
          </span>
        </td>
      </tr>
      <tr />
    </tbody>
  </table>
  <p>
    Minimum 
  </p>
  <table
    className="sc-dmyDmy fSPGcv"
  >
    <thead>
      <tr>
        <th>
          <span>
            <span>
              Producer
            </span>
          </span>
        </th>
        <th>
          <span>
            <span>
              Interval
            </span>
          </span>
        </th>
        <th>
          <span>
            <span>
              Previous Year
            </span>
          </span>
        </th>
        <th>
          <span>
            <span>
              following Year
            </span>
          </span>
        </th>
      </tr>
    </thead>
    <tbody>
      <tr>
        <td>
          <span>
            Producer C
          </span>
        </td>
        <td>
          <span>
            1
          </span>
        </td>
        <td>
          <span>
            2012
          </span>
        </td>
        <td>
          <span>
            2013
          </span>
        </td>
      </tr>
      <tr>
        <td>
          <span>
            Producer D
          </span>
        </td>
        <td>
          <span>
            1
          </span>
        </td>
        <td>
          <span>
            2018
          </span>
        </td>
        <td>
          <span>
            2019
          </span>
        </td>
      </tr>
      <tr />
    </tbody>
  </table>
</div>
`;
